12-31 19:00:16.988   982   982 E ClassManager: 	at java.lang.Class.classForName(Native Method)
12-31 19:00:16.989   982   982 E ClassManager: 	at java.lang.Class.forName(Class.java:400)
12-31 19:00:16.990   982   982 E ClassManager: 	at org.firstinspires.ftc.robotcore.internal.opmode.ClassManager.classNamesToClasses(ClassManager.java:228)
12-31 19:00:16.990   982   982 E ClassManager: 	at org.firstinspires.ftc.robotcore.internal.opmode.ClassManager.processAllClasses(ClassManager.java:279)
12-31 19:00:16.991   982   982 E ClassManager: 	at com.qualcomm.ftccommon.ClassManagerFactory.processAllClasses(ClassManagerFactory.java:102)
12-31 19:00:16.992   982   982 E ClassManager: 	at org.firstinspires.ftc.robotcontroller.internal.FtcRobotControllerActivity.onCreate(FtcRobotControllerActivity.java:356)
12-31 19:00:16.992   982   982 E ClassManager: 	at android.app.Activity.performCreate(Activity.java:6709)
12-31 19:00:16.993   982   982 E ClassManager: 	at android.app.Instrumentation.callActivityOnCreate(Instrumentation.java:1118)
12-31 19:00:16.993   982   982 E ClassManager: 	at android.app.ActivityThread.performLaunchActivity(ActivityThread.java:2619)
12-31 19:00:16.994   982   982 E ClassManager: 	at android.app.ActivityThread.handleLaunchActivity(ActivityThread.java:2727)
12-31 19:00:16.995   982   982 E ClassManager: 	at android.app.ActivityThread.-wrap12(ActivityThread.java)
12-31 19:00:16.995   982   982 E ClassManager: 	at android.app.ActivityThread$H.handleMessage(ActivityThread.java:1478)
12-31 19:00:16.996   982   982 E ClassManager: 	at android.os.Handler.dispatchMessage(Handler.java:102)
12-31 19:00:16.996   982   982 E ClassManager: 	at android.os.Looper.loop(Looper.java:154)
12-31 19:00:16.997   982   982 E ClassManager: 	at android.app.ActivityThread.main(ActivityThread.java:6121)
12-31 19:00:16.997   982   982 E ClassManager: 	at java.lang.reflect.Method.invoke(Native Method)
12-31 19:00:16.998   982   982 E ClassManager: 	at com.android.internal.os.ZygoteInit$MethodAndArgsCaller.run(ZygoteInit.java:905)
12-31 19:00:16.998   982   982 E ClassManager: 	at com.android.internal.os.ZygoteInit.main(ZygoteInit.java:795)
12-31 19:00:17.000   982   982 E ClassManager: Caused by: java.lang.ClassNotFoundException: Didn't find class "kotlin.io.path.FileVisitorImpl" on path: DexPathList[[],nativeLibraryDirectories=[/system/lib64, /vendor/lib64]]
12-31 19:00:17.000   982   982 E ClassManager: 	at dalvik.system.BaseDexClassLoader.findClass(BaseDexClassLoader.java:56)
12-31 19:00:17.001   982   982 E ClassManager: 	at java.lang.ClassLoader.loadClass(ClassLoader.java:380)
12-31 19:00:17.001   982   982 E ClassManager: 	at java.lang.ClassLoader.loadClass(ClassLoader.java:312)
12-31 19:00:17.002   982   982 E ClassManager: 	... 18 more
12-31 19:00:20.094   982   982 V UpdateUI: Network: inactive, disconnected
12-31 19:00:20.095   982   982 V ServiceStarter: attempting to start service FtcRobotControllerWatchdogService
12-31 19:00:20.098   982   982 V ServiceStarter: started service FtcRobotControllerWatchdogService
12-31 19:00:20.120   982   982 I RobotCore: App info: version=10.1.1 appId=com.qualcomm.ftcrobotcontroller
12-31 19:00:20.121   982   982 I RobotCore: Android Device: maker=REV Robotics model=Control Hub v1.0 sdk=25 serial=e2af5adfcd00a884
12-31 19:00:20.121   982   982 V AndroidBoard: REV Control Hub contains REV3328
12-31 19:00:20.121   982   982 V AndroidBoard: Communicating with embedded REV hub via /dev/ttyS1
12-31 19:00:22.181   982   982 V RCActivity: onStart()
12-31 19:00:22.185   982   982 V RCActivity: onResume()
12-31 19:00:22.212   982   982 V NetDiscover_prefremrc: onSharedPreferenceChanged(name=App Restrictions, value=AAAAAA==
12-31 19:00:22.212   982   982 V NetDiscover_prefremrc: )
12-31 19:00:22.215   982   982 V FtcRobotControllerWatchdogService: onCreate()
12-31 19:00:22.216   982   982 V FtcRobotControllerWatchdogService: onStartCommand() intent=Intent { cmp=com.qualcomm.ftcrobotcontroller/org.firstinspires.ftc.ftccommon.internal.FtcRobotControllerWatchdogService } flags=0x0 startId=1
12-31 19:00:22.216   982   982 V FtcRobotControllerWatchdogService: shouldAutoLauchRobotController() result=true
12-31 19:00:22.219   982   982 V FTCService: onCreate()
12-31 19:00:22.256   982   982 W art     : Before Android 4.1, method double java.util.concurrent.ThreadLocalRandom.internalNextDouble(double, double) would have incorrectly overridden the package-private method in java.util.Random
12-31 19:00:22.256   982   982 W art     : Before Android 4.1, method int java.util.concurrent.ThreadLocalRandom.internalNextInt(int, int) would have incorrectly overridden the package-private method in java.util.Random
12-31 19:00:22.256   982   982 W art     : Before Android 4.1, method long java.util.concurrent.ThreadLocalRandom.internalNextLong(long, long) would have incorrectly overridden the package-private method in java.util.Random
12-31 19:00:22.284   982   982 V FTCService: onBind()
12-31 19:00:22.303   982   982 V CoreRobotWebServer: creating NanoHTTPD(8080)
12-31 19:00:22.306   982   982 V WebSocketManager: Registered broadcast-only namespace progress
12-31 19:00:22.312   982   982 V WebSocketManager: Registered handler for namespace ControlHubUpdater
12-31 19:00:22.313   982   982 V RobotCore: Getting network assistant of type: RCWIRELESSAP
12-31 19:00:22.315   982   982 I RobotControllerAccessPointAssistant: Enabling network services
12-31 19:00:22.317   982   982 I RobotControllerAccessPointAssistant: Sending SSID and password to AP service
12-31 19:00:22.318   982   982 I RobotCore: Coyotes11940
12-31 19:00:22.318   982   982 D RobotControllerAccessPointAssistant: setNetworkProperties(deviceName=11940-RC, password=Coyotes11940, ApChannel=null) sendSettingsIndividually=false
12-31 19:00:22.318   982   982 I NetDiscover_ControlHubNameManager: Robot controller name: 11940-RC
12-31 19:00:22.318   982   982 I ControlHubPasswordManager: Robot controller password: Coyotes11940
12-31 19:00:22.319   982   982 D RobotControllerAccessPointAssistant: Sending bulk settings broadcast intent
12-31 19:00:22.390   982  1133 I OpenGLRenderer: Initialized EGL, version 1.4
12-31 19:00:22.390   982  1133 D OpenGLRenderer: Swap behavior 1
12-31 19:00:22.401   982   982 I RobotControllerAccessPointAssistant: Wi-Fi state change:, wifiApState: 13
12-31 19:00:22.402   982   982 I FTCService: onNetworkConnectionEvent: CONNECTION_INFO_AVAILABLE
12-31 19:00:22.402   982   982 I RobotCore: Coyotes11940
12-31 19:00:22.402   982   982 I FTCService: Network Connection Passphrase: Coyotes11940
12-31 19:00:22.402   982   982 V CoreRobotWebServer: starting port=8080
12-31 19:00:22.414   982   982 V RobotCore: Getting network assistant of type: RCWIRELESSAP
12-31 19:00:22.414   982   982 V CoreRobotWebServer: started port=8080
12-31 19:00:22.415   982   982 V FTCService: RCActivity.controllerService=bound
12-31 19:00:22.415   982   982 V UpdateUI: Network: active, disconnected
12-31 19:00:22.416   982   982 V RobotCore: Robot Status: stopped
12-31 19:00:22.423   982  1138 V TooTallWebSocketServer: Started WebSocket server on port 8081
12-31 19:00:22.432   982  1141 V RobotCore: thread: 'RobotSetupRunnable.run()' starting...
12-31 19:00:22.432   982  1141 V FTCService: Processing robot setup
12-31 19:00:22.433   982  1141 V RobotCore: Robot Status: stopped, scanning for USB devices
12-31 19:00:22.433   982  1141 I AppAliveNotifier: Telling the OS to set the RC alive notification timeout to 10 seconds
12-31 19:00:22.457   982   982 V WebSocketManager: Registered handler for namespace ONBOTJAVA
12-31 19:00:22.525   982   982 V WebSocketManager: Registered handler for namespace MC
12-31 19:00:22.534   982  1133 I [Gralloc]:  ion device open success! fd = 91
12-31 19:00:22.602   982   982 I PermissionValidatorActivity: Lifecycle onDestroy : daaf157
12-31 19:00:22.603   982   982 V AppUtil : rootActivity=PermissionValidatorWrapper destroyed
12-31 19:00:22.603   982   982 V AppUtil : rootActivity=FtcRobotControllerActivity
12-31 19:00:22.603   982   982 I PermissionValidatorActivity: Lifecycle onDestroy : 6d5214a
12-31 19:00:27.441   982  1141 V RobotCore: EventLoopManager state is NOT_STARTED
12-31 19:00:27.441   982  1141 V FTCService: Waiting for a connection to a Wi-Fi service
12-31 19:00:27.442   982  1141 V RobotCore: Robot Status: stopped, waiting for network to become active
12-31 19:00:27.443   982  1141 I RobotControllerAccessPointAssistant: Wi-Fi AP is enabled
12-31 19:00:27.443   982  1141 V CoreRobotWebServer: Asked an already running WebServer to start
12-31 19:00:27.444   982  1141 V RobotCore: Robot Status: stopped, starting robot
12-31 19:00:27.444   982  1141 V Robocol : EventLoopManager.start()
12-31 19:00:27.444   982  1141 V RobotCore: Getting network assistant of type: RCWIRELESSAP
12-31 19:00:27.445   982  1141 I RobotControllerAccessPointAssistant: Wi-Fi AP is enabled
12-31 19:00:27.445   982  1141 V Robocol : Spoofing a Network Connection event...
12-31 19:00:27.445   982  1141 I EventLoopManager: onNetworkConnectionEvent: CONNECTION_INFO_AVAILABLE
12-31 19:00:27.445   982  1141 I Robocol : Received network connection event
12-31 19:00:27.446   982  1141 I RobotControllerAccessPointAssistant: Wi-Fi AP is enabled
12-31 19:00:27.446   982  1141 I NetworkConnectionHandler: Handling new network connection infomation, connected: true setup needed: true
12-31 19:00:27.447   982  1141 I RobotControllerAccessPointAssistant: Wi-Fi AP is enabled
12-31 19:00:30.485   982  1147 V RobotCore: thread: 'SetupRunnable.run()' starting...
12-31 19:00:30.485   982  1141 V RobotCore: EventLoopManager state is STOPPED
12-31 19:00:30.486   982  1141 V Robocol : eventLoop=FtcEventLoop
12-31 19:00:30.486   982  1141 V RobotCore: EventLoopManager state is INIT
12-31 19:00:30.487   982  1141 V RobotCore: Robot Status: initializing, starting robot
12-31 19:00:30.487   982  1141 I FtcEventLoop: ======= INIT START =======
12-31 19:00:30.488   982  1141 V OpmodeRegistration: registered {DefaultOpMode} as {$Stop$Robot$}
12-31 19:00:30.491   982  1147 D Robocol : RobocolDatagramSocket listening addr=/192.168.43.1:20884 cbRec=65520 cbSend=106496 msRecTO=300
12-31 19:00:30.491   982  1147 V Robocol : RecvLoopRunnable created
12-31 19:00:30.494   982  1148 V Robocol : PacketProcessor started
12-31 19:00:30.494   982  1149 V Robocol : CommandProcessor started
12-31 19:00:30.496   982  1150 V RobotCore: thread: 'RecvLoopRunnable.run()' starting...
12-31 19:00:30.497   982  1147 V PeerDiscovery: Starting peer discovery remote: /192.168.43.1 local: /192.168.43.1
12-31 19:00:30.497   982  1147 V PeerDiscovery: No need for initiating peer discovery, we are the Robot Controller
12-31 19:00:30.497   982  1147 V RobotCore: Setup complete
12-31 19:00:30.498   982  1147 V RobotCore: thread: ...terminating 'SetupRunnable.run()'
12-31 19:00:30.499   982  1141 E RobotCore: ProjectsUtil.fetchOpModeMeta("Blue_Duck_Storage_Unit") - failed.
12-31 19:00:30.500   982  1141 E RobotCore: com.google.blocks.ftcrobotcontroller.util.CorruptFileException: File Blue_Duck_Storage_Unit.blk is empty or corrupt.
12-31 19:00:30.503   982  1141 E RobotCore: 	at com.google.blocks.ftcrobotcontroller.util.ProjectsUtil.fetchOpModeMeta(ProjectsUtil.java:356)
12-31 19:00:30.504   982  1141 E RobotCore: 	at com.google.blocks.ftcrobotcontroller.util.ProjectsUtil.access$200(ProjectsUtil.java:74)
12-31 19:00:30.504   982  1141 E RobotCore: 	at com.google.blocks.ftcrobotcontroller.util.ProjectsUtil$4.get(ProjectsUtil.java:329)
12-31 19:00:30.505   982  1141 E RobotCore: 	at com.google.blocks.ftcrobotcontroller.util.ProjectsUtil$4.get(ProjectsUtil.java:312)
12-31 19:00:30.506   982  1141 E RobotCore: 	at org.firstinspires.ftc.robotcore.internal.system.LockingRunner$2.call(LockingRunner.java:74)
12-31 19:00:30.507   982  1141 E RobotCore: 	at org.firstinspires.ftc.robotcore.internal.system.LockingRunner.lockWhile(LockingRunner.java:87)
12-31 19:00:30.508   982  1141 E RobotCore: 	at org.firstinspires.ftc.robotcore.internal.system.LockingRunner.lockWhile(LockingRunner.java:72)
12-31 19:00:30.508   982  1141 E RobotCore: 	at com.google.blocks.ftcrobotcontroller.util.ProjectsLockManager.lockProjectsWhile(ProjectsLockManager.java:51)
12-31 19:00:30.510   982  1141 E RobotCore: 	at com.google.blocks.ftcrobotcontroller.util.ProjectsUtil.fetchEnabledProjectsWithJavaScript(ProjectsUtil.java:312)
12-31 19:00:30.511   982  1141 E RobotCore: 	at com.google.blocks.ftcrobotcontroller.runtime.BlocksOpMode$5.register(BlocksOpMode.java:810)
12-31 19:00:30.511   982  1141 E RobotCore: 	at org.firstinspires.ftc.robotcore.internal.opmode.RegisteredOpModes.callInstanceOpModeRegistrars(RegisteredOpModes.java:218)
12-31 19:00:30.512   982  1141 E RobotCore: 	at org.firstinspires.ftc.robotcore.internal.opmode.RegisteredOpModes$3.run(RegisteredOpModes.java:203)
12-31 19:00:30.512   982  1141 E RobotCore: 	at org.firstinspires.ftc.robotcore.internal.opmode.RegisteredOpModes.lockOpModesWhile(RegisteredOpModes.java:326)
12-31 19:00:30.512   982  1141 E RobotCore: 	at org.firstinspires.ftc.robotcore.internal.opmode.RegisteredOpModes.registerAllOpModes(RegisteredOpModes.java:189)
12-31 19:00:30.513   982  1141 E RobotCore: 	at com.qualcomm.ftccommon.FtcEventLoop.init(FtcEventLoop.java:204)
12-31 19:00:30.514   982  1141 E RobotCore: 	at com.qualcomm.robotcore.eventloop.EventLoopManager.startEventLoop(EventLoopManager.java:584)
12-31 19:00:30.514   982  1141 E RobotCore: 	at com.qualcomm.robotcore.eventloop.EventLoopManager.setEventLoop(EventLoopManager.java:558)
12-31 19:00:30.514   982  1141 E RobotCore: 	at com.qualcomm.robotcore.eventloop.EventLoopManager.start(EventLoopManager.java:500)
12-31 19:00:30.515   982  1141 E RobotCore: 	at com.qualcomm.robotcore.robot.Robot.start(Robot.java:59)
12-31 19:00:30.515   982  1141 E RobotCore: 	at com.qualcomm.ftccommon.FtcRobotControllerService$RobotSetupRunnable.startRobot(FtcRobotControllerService.java:281)
12-31 19:00:30.515   982  1141 E RobotCore: 	at com.qualcomm.ftccommon.FtcRobotControllerService$RobotSetupRunnable$1.run(FtcRobotControllerService.java:300)
12-31 19:00:30.516   982  1141 E RobotCore: 	at com.qualcomm.robotcore.util.ThreadPool.logThreadLifeCycle(ThreadPool.java:737)
12-31 19:00:30.516   982  1141 E RobotCore: 	at com.qualcomm.ftccommon.FtcRobotControllerService$RobotSetupRunnable.run(FtcRobotControllerService.java:291)
12-31 19:00:30.516   982  1141 E RobotCore: 	at java.util.concurrent.Executors$RunnableAdapter.call(Executors.java:428)
12-31 19:00:30.517   982  1141 E RobotCore: 	at java.util.concurrent.FutureTask.run(FutureTask.java:237)
12-31 19:00:30.517   982  1141 E RobotCore: 	at java.util.concurrent.ThreadPoolExecutor.runWorker(ThreadPoolExecutor.java:1133)
12-31 19:00:30.518   982  1141 E RobotCore: 	at java.util.concurrent.ThreadPoolExecutor$Worker.run(ThreadPoolExecutor.java:607)
12-31 19:00:30.518   982  1141 E RobotCore: 	at com.qualcomm.robotcore.util.ThreadPool$ThreadFactoryImpl$1.run(ThreadPool.java:793)
12-31 19:00:30.518   982  1141 E RobotCore: 	at java.lang.Thread.run(Thread.java:761)
12-31 19:00:30.521   982  1141 V OpmodeRegistration: registered instance as {Basic Auto}
12-31 19:00:30.522   982  1141 V OpmodeRegistration: registered instance as {Enable/Disable Dashboard}
12-31 19:00:30.523   982  1141 D OpmodeRegistration: registered instance {com.acmerobotics.dashboard.FtcDashboard$9@8d51968} as {Enable/Disable Dashboard}
12-31 19:00:30.574   982  1141 V OpmodeRegistration: registered {ManualControlOpMode} as {$Manual$Control$}
12-31 19:00:30.574   982  1141 V OpmodeRegistration: registered {AutonMarkFour} as {Drive Forward}
12-31 19:00:30.575   982  1141 V OpmodeRegistration: registered {RobotContainer} as {TeleOp}
12-31 19:00:30.626   982  1141 V FtcEventLoop: Ensuring that the embedded Control Hub module is set up correctly
12-31 19:00:30.627   982  1141 V RobotCore: Creating REV Robotics USB Expansion Hub Portal [(embedded)]
12-31 19:00:30.627   982  1141 V LynxUsb : creating new [(embedded)]: 0x055d542b
12-31 19:00:30.630   982  1141 V FtDeviceManager: createDeviceInfoList(): 0 USB devices
12-31 19:00:30.630   982  1141 V RobotUsbManagerCombining: FTDI driver failed to open USB device with serial number (embedded) (returned null device)
12-31 19:00:30.630   982   982 I pRunnable.run(): type=1400 audit(0.0:87): avc: denied { read } for name="ttyS1" dev="tmpfs" ino=5143 scontext=u:r:untrusted_app:s0:c512,c768 tcontext=u:object_r:serial_device:s0 tclass=chr_file permissive=1
12-31 19:00:30.631   982  1141 V SerialPortNative: [SerialPort.cpp:150] opened(/dev/ttyS1): fd=89
12-31 19:00:30.632   982  1141 V RobotUsbDeviceTTY: opening serial=(embedded) file=/dev/ttyS1
12-31 19:00:30.632   982  1141 V LynxUsb : armDevice() serial=(embedded)...
12-31 19:00:30.632   982  1141 V LynxUsb : resetDevice() serial=(embedded)
12-31 19:00:30.630   982   982 I pRunnable.run(): type=1400 audit(0.0:88): avc: denied { write } for name="ttyS1" dev="tmpfs" ino=5143 scontext=u:r:untrusted_app:s0:c512,c768 tcontext=u:object_r:serial_device:s0 tclass=chr_file permissive=1
12-31 19:00:30.634   982  1141 V LynxModule: resetting embedded usb device: isPresent: was=true
12-31 19:00:30.630   982   982 I pRunnable.run(): type=1400 audit(0.0:89): avc: denied { open } for path="/dev/ttyS1" dev="tmpfs" ino=5143 scontext=u:r:untrusted_app:s0:c512,c768 tcontext=u:object_r:serial_device:s0 tclass=chr_file permissive=1
12-31 19:00:30.630   982   982 I pRunnable.run(): type=1400 audit(0.0:90): avc: denied { ioctl } for path="/dev/ttyS1" dev="tmpfs" ino=5143 ioctlcmd=5401 scontext=u:r:untrusted_app:s0:c512,c768 tcontext=u:object_r:serial_device:s0 tclass=chr_file permissive=1
12-31 19:00:30.798   982  1150 E Robocol : exception SocketTimeoutException(Receive timed out): no packet received [java.net.PlainDatagramSocketImpl.receive0(Native Method)]
12-31 19:00:30.990   982  1141 V LynxUsb : ...done armDevice()
12-31 19:00:30.990   982  1153 V RobotCore: thread: 'lynx incoming datagrams' starting...
12-31 19:00:30.990   982  1141 V LynxUsb : 0x04cf3e46 on 0x055d542b: new delegate to [(embedded)]
12-31 19:00:30.991   982  1141 V LynxUsb : addConfiguredModule() module#=173
12-31 19:00:30.998   982  1141 V LynxModule: pingAndQueryKnownInterfaces mod=173
12-31 19:00:31.103   982  1141 V LynxModule: retransmitting: mod=173 cmd=0x7f04 msg#=1 ref#=0 
12-31 19:00:31.205   982  1141 V LynxModule: retransmitting: mod=173 cmd=0x7f04 msg#=1 ref#=0 
12-31 19:00:31.307   982  1141 V LynxModule: retransmitting: mod=173 cmd=0x7f04 msg#=1 ref#=0 
12-31 19:00:31.408   982  1141 V LynxModule: retransmitting: mod=173 cmd=0x7f04 msg#=1 ref#=0 
12-31 19:00:31.503   982  1141 V LynxModule: retransmitting: mod=173 cmd=0x7f04 msg#=1 ref#=0 
12-31 19:00:31.505   982  1141 E LynxModule: timeout: abandoning waiting 500ms for ack: cmd=LynxKeepAliveCommand mod=173 msg#=1
12-31 19:00:31.506   982  1141 E LynxModule: Marking module #173 as unresponsive until we receive some data back
12-31 19:00:31.508   982  1141 V LynxModule: retrying ping mod=173
12-31 19:00:31.509   982  1141 E LynxUsb : exception RobotCoreException(initial ping contact failed: mod=173): addConfiguredModule() module#=173 [com.qualcomm.hardware.lynx.LynxModule.pingInitialContact(LynxModule.java:1178)]
12-31 19:00:31.510   982  1141 E LynxUsb : Unable to communicate with REV Hub #173 at robot startup. A Robot Restart will be required to use this hub.
12-31 19:00:31.510   982  1141 V LynxModule: close(#173)
12-31 19:00:31.513   982  1141 W LynxUsb : Unable to find embedded Control Hub module at address 173. Attempting to resolve automatically.
12-31 19:00:31.513   982  1141 V LynxUsb : lynx discovery beginning for device (embedded)
12-31 19:00:31.519   982  1141 V LynxUsb : discovery waiting 1012ms and 0ns
12-31 19:00:32.518   982  1148 D RobotCore: system telemetry: key=$System$None$ msg=""
12-31 19:00:32.519   982  1148 V PeerDiscovery: new remote peer discovered: 192.168.43.34
12-31 19:00:32.520   982  1148 V NetworkConnectionHandler: starting sending loop
12-31 19:00:32.522   982  1156 V Robocol : sending CMD_NOTIFY_ROBOT_STATE(9), attempt: 0
12-31 19:00:32.524   982  1156 V Robocol : sending CMD_NOTIFY_ROBOT_STATE(10), attempt: 0
12-31 19:00:32.525   982  1156 V Robocol : sending CMD_NOTIFY_ROBOT_STATE(11), attempt: 0
12-31 19:00:32.527   982  1156 V Robocol : sending CMD_NOTIFY_ACTIVE_CONFIGURATION(21), attempt: 0
12-31 19:00:32.528   982  1156 V Robocol : sending CMD_NOTIFY_USER_DEVICE_LIST(22), attempt: 0
12-31 19:00:32.532   982  1141 V LynxUsb : discovery waiting complete: #modules=0
12-31 19:00:32.532   982  1141 V LynxUsb : Checking type of discovered modules
12-31 19:00:32.533   982  1156 V Robocol : sending CMD_NOTIFY_OP_MODE_LIST(23), attempt: 0
12-31 19:00:32.539   982  1141 E LynxUsb : Unable to check for onboard IMUs as the parent module was not found
12-31 19:00:32.540   982  1141 V LynxModule: close(#0)
12-31 19:00:32.543   982  1141 V LynxUsb : ...lynx discovery completed
12-31 19:00:32.543   982  1141 E LynxUsb : Unable to communicate with internal Expansion Hub. Attempting to re-flash firmware.
12-31 19:00:32.543   982  1141 V LynxFirmwareUpdater: updateFirmware() serialNumber=(embedded), fwimage=REVHubFirmware_1_08_02.bin
12-31 19:00:32.551   982  1141 V LynxFirmwareUpdater: disengaging lynx usb device (embedded)
12-31 19:00:32.551   982  1141 V LynxUsb : shutting down incoming datagrams
12-31 19:00:32.558   982  1148 V UpdateUI: Network: active, connected
12-31 19:00:32.558   982  1148 D FTCService: Sending user device types and preferences to driver station
12-31 19:00:32.583   982  1148 V NetDiscover_prefremrc: sendAllPreferences()
12-31 19:00:32.583   982  1148 V NetDiscover_prefremrc: sending RC pref name=pref_wifip2p_remote_channel_change_works value=false
12-31 19:00:32.588   982  1148 V NetDiscover_prefremrc: sending RC pref name=pref_device_name value=11940-RC
12-31 19:00:32.589   982  1148 V NetDiscover_prefremrc: sending RC pref name=pref_warn_about_incorrect_clocks value=true
12-31 19:00:32.589   982  1148 V NetDiscover_prefremrc: sending RC pref name=pref_warn_about_obsolete_software value=true
12-31 19:00:32.590   982  1153 V RobotCore: thread: ...terminating 'lynx incoming datagrams'
12-31 19:00:32.591   982  1141 V LynxFirmwareUpdater: trying firmware update: count=0
12-31 19:00:32.591   982  1148 V NetDiscover_prefremrc: sending RC pref name=pref_has_speaker value=false
12-31 19:00:32.592   982  1148 V NetDiscover_prefremrc: sending RC pref name=pref_warn_about_2_4_ghz_band value=true
12-31 19:00:32.593   982  1148 V NetDiscover_prefremrc: sending RC pref name=pref_has_independent_phone_battery value=false
12-31 19:00:32.593   982  1141 V LynxFirmwareUpdater: putting embedded lynx into firmware update mode
12-31 19:00:32.593   982  1141 V LynxModule: enterFirmwareUpdateModeControlHub()
12-31 19:00:32.594   982  1148 V NetDiscover_prefremrc: sending RC pref name=pref_app_theme value=red
12-31 19:00:32.594   982  1141 V LynxModule: fw update embedded usb device: isPresent: was=true
12-31 19:00:32.594   982  1148 V NetDiscover_prefremrc: sending RC pref name=pref_warn_about_mismatched_app_versions value=true
12-31 19:00:32.595   982  1148 V NetDiscover_prefremrc: sending RC pref name=pref_sound_on_off value=false
12-31 19:00:32.596   982  1148 V NetworkConnectionHandler: Peer connection established
12-31 19:00:32.597   982  1148 V Robocol : packet processing took 79.2ms: type=PEER_DISCOVERY
12-31 19:00:32.601   982  1156 V Robocol : sending CMD_NOTIFY_USER_DEVICE_LIST(27), attempt: 0
12-31 19:00:32.604   982  1150 V EventLoopManager: Setting authoritative wall clock based on connected DS.
12-31 19:00:32.604   982  1156 V Robocol : sending CMD_ROBOT_CONTROLLER_PREFERENCE(28), attempt: 0
12-31 19:00:32.604   982  1150 D Uvc     : [time.cpp:64] Java_org_firstinspires_ftc_robotcore_internal_system_AppUtil_nativeSetCurrentTimeMillis()...
12-10 17:46:34.102   982  1150 I JniTime : [time.cpp:83] settimeofday() succeeded
12-10 17:46:34.102   982  1150 D Uvc     : [time.cpp:64] ...Java_org_firstinspires_ftc_robotcore_internal_system_AppUtil_nativeSetCurrentTimeMillis()
12-10 17:46:34.102   982  1156 V Robocol : sending CMD_ROBOT_CONTROLLER_PREFERENCE(29), attempt: 0
12-10 17:46:34.104   982  1156 V Robocol : sending CMD_ROBOT_CONTROLLER_PREFERENCE(30), attempt: 0
12-10 17:46:34.104   982  1150 V AppUtil : attempted to set timezone: before=America/New_York after=America/New_York
12-10 17:46:34.105   982  1156 V Robocol : sending CMD_ROBOT_CONTROLLER_PREFERENCE(31), attempt: 0
12-10 17:46:34.106   982  1156 V Robocol : sending CMD_ROBOT_CONTROLLER_PREFERENCE(32), attempt: 0
12-10 17:46:34.107   982  1156 V Robocol : sending CMD_ROBOT_CONTROLLER_PREFERENCE(33), attempt: 0
12-10 17:46:34.107   982  1148 V Robocol : received command: CMD_REQUEST_ACTIVE_CONFIG(10000) 
12-10 17:46:34.108   982  1156 V Robocol : sending CMD_ROBOT_CONTROLLER_PREFERENCE(34), attempt: 0
12-10 17:46:34.109   982  1156 V Robocol : sending CMD_ROBOT_CONTROLLER_PREFERENCE(35), attempt: 0
12-10 17:46:34.109   982  1148 V Robocol : received command: CMD_REQUEST_USER_DEVICE_TYPES(10001) 
12-10 17:46:34.110   982  1156 V Robocol : sending CMD_ROBOT_CONTROLLER_PREFERENCE(36), attempt: 0
12-10 17:46:34.110   982  1148 V Robocol : received command: CMD_REQUEST_OP_MODE_LIST(10002) 
12-10 17:46:34.111   982  1148 V Robocol : received command: CMD_REQUEST_ACTIVE_CONFIG(10006) 
12-10 17:46:34.112   982  1148 V Robocol : received command: CMD_REQUEST_USER_DEVICE_TYPES(10007) 
12-10 17:46:34.111   982  1156 V Robocol : sending CMD_ROBOT_CONTROLLER_PREFERENCE(37), attempt: 0
12-10 17:46:34.113   982  1148 V Robocol : received command: CMD_REQUEST_OP_MODE_LIST(10008) 
12-10 17:46:34.141   982  1148 V Robocol : received command: CMD_ROBOT_CONTROLLER_PREFERENCE(10009) {"booleanValue":true,"prefName":"pref_ds_supports_5_ghz"}
12-10 17:46:34.142   982  1148 V Robocol : received command: CMD_ROBOT_CONTROLLER_PREFERENCE(10010) {"intValue":21,"prefName":"pref_dh_os_version_code"}
12-10 17:46:34.199   982  1159 V SoundInfo: construct(0x0919b593)
12-10 17:46:34.209   982  1158 E WVMExtractor: Failed to open libwvm.so: dlopen failed: "/system/vendor/lib64/libwvm.so" is 32-bit instead of 64-bit
12-10 17:46:34.233   982  1158 I MediaCodec: callingProcessName:com.qualcomm.ftcrobotcontroller
12-10 17:46:34.236   982  1165 I ACodec  : onAllocateComponent:6752 mSoftCodecPref:0 componentName:
12-10 17:46:34.238   982  1165 I ACodec  : onAllocateComponent:6783 mSoftCodecPref:0 componentName:OMX.google.raw.decoder
12-10 17:46:34.257   982  1156 V Robocol : sending CMD_NOTIFY_ROBOT_STATE(9), attempt: 1
12-10 17:46:34.259   982  1156 V Robocol : sending CMD_NOTIFY_ROBOT_STATE(10), attempt: 1
12-10 17:46:34.261   982  1156 V Robocol : sending CMD_NOTIFY_ROBOT_STATE(11), attempt: 1
12-10 17:46:34.263   982  1156 V Robocol : sending CMD_NOTIFY_ACTIVE_CONFIGURATION(21), attempt: 1
12-10 17:46:34.264   982  1156 V Robocol : sending CMD_NOTIFY_USER_DEVICE_LIST(22), attempt: 1
12-10 17:46:34.267   982  1156 V Robocol : sending CMD_NOTIFY_OP_MODE_LIST(23), attempt: 1
12-10 17:46:34.281   982  1095 D SoundPlayer: onLoadComplete(samp=1|ms=757, samp=1)=0
12-10 17:46:34.305   982  1159 W AudioTrack: AUDIO_OUTPUT_FLAG_FAST denied by client; transfer 4, track 48000 Hz, output 44100 Hz
12-10 17:46:34.479   982  1159 D SoundPlayer: playing volume=0.000000 samp=1|ms=757
12-10 17:46:34.498   982  1156 V Robocol : sending CMD_PLAY_SOUND(67), attempt: 0
12-10 17:46:34.519   982  1141 D FlashLoaderManager: flashing [0,8) of 68000
12-10 17:46:34.521   982  1141 D FlashLoaderManager: flashing [8,16) of 68000
12-10 17:46:34.523   982  1141 D FlashLoaderManager: flashing [16,24) of 68000
12-10 17:46:34.526   982  1141 D FlashLoaderManager: flashing [24,32) of 68000
12-10 17:46:34.528   982  1141 D FlashLoaderManager: flashing [32,40) of 68000
12-10 17:46:34.530   982  1141 D FlashLoaderManager: flashing [40,48) of 68000
12-10 17:46:34.533   982  1141 D FlashLoaderManager: flashing [48,56) of 68000
12-10 17:46:34.535   982  1141 D FlashLoaderManager: flashing [56,64) of 68000
12-10 17:46:34.537   982  1141 D FlashLoaderManager: flashing [64,72) of 68000
12-10 17:46:34.540   982  1141 D FlashLoaderManager: flashing [72,80) of 68000
12-10 17:46:34.542   982  1141 D FlashLoaderManager: flashing [80,88) of 68000
12-10 17:46:34.544   982  1141 D FlashLoaderManager: flashing [88,96) of 68000
12-10 17:46:34.546   982  1141 D FlashLoaderManager: flashing [96,104) of 68000
12-10 17:46:34.549   982  1141 D FlashLoaderManager: flashing [104,112) of 68000
12-10 17:46:34.551   982  1141 D FlashLoaderManager: flashing [112,120) of 68000
12-10 17:46:34.553   982  1141 D FlashLoaderManager: flashing [120,128) of 68000
12-10 17:46:34.555   982  1141 D FlashLoaderManager: flashing [128,136) of 68000
12-10 17:46:34.558   982  1141 D FlashLoaderManager: flashing [136,144) of 68000
12-10 17:46:34.560   982  1141 D FlashLoaderManager: flashing [144,152) of 68000
12-10 17:46:34.562   982  1141 D FlashLoaderManager: flashing [152,160) of 68000
12-10 17:46:34.564   982  1141 D FlashLoaderManager: flashing [160,168) of 68000
12-10 17:46:34.566   982  1141 D FlashLoaderManager: flashing [168,176) of 68000
12-10 17:46:34.567   982  1141 D FlashLoaderManager: flashing [176,184) of 68000
12-10 17:46:34.569   982  1141 D FlashLoaderManager: flashing [184,192) of 68000
12-10 17:46:34.571   982  1141 D FlashLoaderManager: flashing [192,200) of 68000
12-10 17:46:34.573   982  1141 D FlashLoaderManager: flashing [200,208) of 68000
12-10 17:46:34.575   982  1141 D FlashLoaderManager: flashing [208,216) of 68000
12-10 17:46:34.576   982  1141 D FlashLoaderManager: flashing [216,224) of 68000
12-10 17:46:34.578   982  1141 D FlashLoaderManager: flashing [224,232) of 68000
12-10 17:46:34.581   982  1141 D FlashLoaderManager: flashing [232,240) of 68000
12-10 17:46:34.582   982  1141 D FlashLoaderManager: flashing [240,248) of 68000
12-10 17:46:34.584   982  1141 D FlashLoaderManager: flashing [248,256) of 68000
12-10 17:46:34.586   982  1141 D FlashLoaderManager: flashing [256,264) of 68000
12-10 17:46:34.587   982  1141 D FlashLoaderManager: flashing [264,272) of 68000
12-10 17:46:34.589   982  1141 D FlashLoaderManager: flashing [272,280) of 68000
12-10 17:46:34.591   982  1141 D FlashLoaderManager: flashing [280,288) of 68000
12-10 17:46:34.592   982  1141 D FlashLoaderManager: flashing [288,296) of 68000
12-10 17:46:34.594   982  1141 D FlashLoaderManager: flashing [296,304) of 68000
12-10 17:46:34.596   982  1141 D FlashLoaderManager: flashing [304,312) of 68000
12-10 17:46:34.597   982  1141 D FlashLoaderManager: flashing [312,320) of 68000
12-10 17:46:34.599   982  1141 D FlashLoaderManager: flashing [320,328) of 68000
12-10 17:46:34.600   982  1141 D FlashLoaderManager: flashing [328,336) of 68000
12-10 17:46:34.602   982  1141 D FlashLoaderManager: flashing [336,344) of 68000
12-10 17:46:34.603   982  1141 D FlashLoaderManager: flashing [344,352) of 68000
12-10 17:46:34.605   982  1141 D FlashLoaderManager: flashing [352,360) of 68000
12-10 17:46:34.607   982  1141 D FlashLoaderManager: flashing [360,368) of 68000
12-10 17:46:34.608   982  1141 D FlashLoaderManager: flashing [368,376) of 68000
12-10 17:46:34.610   982  1141 D FlashLoaderManager: flashing [376,384) of 68000
12-10 17:46:34.612   982  1141 D FlashLoaderManager: flashing [384,392) of 68000
12-10 17:46:34.613   982  1141 D FlashLoaderManager: flashing [392,400) of 68000
12-10 17:46:34.615   982  1141 D FlashLoaderManager: flashing [400,408) of 68000
12-10 17:46:34.616   982  1141 D FlashLoaderManager: flashing [408,416) of 68000
12-10 17:46:34.618   982  1141 D FlashLoaderManager: flashing [416,424) of 68000
12-10 17:46:34.620   982  1141 D FlashLoaderManager: flashing [424,432) of 68000
12-10 17:46:34.621   982  1141 D FlashLoaderManager: flashing [432,440) of 68000
12-10 17:46:34.623   982  1141 D FlashLoaderManager: flashing [440,448) of 68000
12-10 17:46:34.625   982  1141 D FlashLoaderManager: flashing [448,456) of 68000
12-10 17:46:34.627   982  1141 D FlashLoaderManager: flashing [456,464) of 68000
12-10 17:46:34.629   982  1141 D FlashLoaderManager: flashing [464,472) of 68000
12-10 17:46:34.630   982  1141 D FlashLoaderManager: flashing [472,480) of 68000
12-10 17:46:34.632   982  1141 D FlashLoaderManager: flashing [480,488) of 68000
12-10 17:46:34.634   982  1141 D FlashLoaderManager: flashing [488,496) of 68000
12-10 17:46:34.636   982  1141 D FlashLoaderManager: flashing [496,504) of 68000
12-10 17:46:34.638   982  1141 D FlashLoaderManager: flashing [504,512) of 68000
12-10 17:46:34.639   982  1141 D FlashLoaderManager: flashing [512,520) of 68000
12-10 17:46:34.641   982  1141 D FlashLoaderManager: flashing [520,528) of 68000
12-10 17:46:34.643   982  1141 D FlashLoaderManager: flashing [528,536) of 68000
12-10 17:46:34.644   982  1141 D FlashLoaderManager: flashing [536,544) of 68000
12-10 17:46:34.646   982  1141 D FlashLoaderManager: flashing [544,552) of 68000
12-10 17:46:34.647   982  1141 D FlashLoaderManager: flashing [552,560) of 68000
12-10 17:46:34.649   982  1141 D FlashLoaderManager: flashing [560,568) of 68000
12-10 17:46:34.650   982  1141 D FlashLoaderManager: flashing [568,576) of 68000
12-10 17:46:34.652   982  1141 D FlashLoaderManager: flashing [576,584) of 68000
12-10 17:46:34.653   982  1141 D FlashLoaderManager: flashing [584,592) of 68000
12-10 17:46:34.655   982  1141 D FlashLoaderManager: flashing [592,600) of 68000
12-10 17:46:34.656   982  1141 D FlashLoaderManager: flashing [600,608) of 68000
12-10 17:46:34.658   982  1141 D FlashLoaderManager: flashing [608,616) of 68000
12-10 17:46:34.660   982  1141 D FlashLoaderManager: flashing [616,624) of 68000
12-10 17:46:34.661   982  1141 D FlashLoaderManager: flashing [624,632) of 68000
12-10 17:46:34.663   982  1141 D FlashLoaderManager: flashing [632,640) of 68000
12-10 17:46:34.664   982  1141 D FlashLoaderManager: flashing [640,648) of 68000
12-10 17:46:34.666   982  1141 D FlashLoaderManager: flashing [648,656) of 68000
12-10 17:46:34.667   982  1141 D FlashLoaderManager: flashing [656,664) of 68000
12-10 17:46:34.669   982  1141 D FlashLoaderManager: flashing [664,672) of 68000
12-10 17:46:34.671   982  1141 D FlashLoaderManager: flashing [672,680) of 68000
12-10 17:46:34.672   982  1141 D FlashLoaderManager: flashing [680,688) of 68000
12-10 17:46:34.674   982  1141 D FlashLoaderManager: flashing [688,696) of 68000
12-10 17:46:34.675   982  1141 D FlashLoaderManager: flashing [696,704) of 68000
12-10 17:46:34.677   982  1141 D FlashLoaderManager: flashing [704,712) of 68000
12-10 17:46:34.678   982  1141 D FlashLoaderManager: flashing [712,720) of 68000
12-10 17:46:34.680   982  1141 D FlashLoaderManager: flashing [720,728) of 68000
12-10 17:46:34.681   982  1141 D FlashLoaderManager: flashing [728,736) of 68000
12-10 17:46:34.682   982  1141 D FlashLoaderManager: flashing [736,744) of 68000
12-10 17:46:34.684   982  1141 D FlashLoaderManager: flashing [744,752) of 68000
12-10 17:46:34.685   982  1141 D FlashLoaderManager: flashing [752,760) of 68000
12-10 17:46:34.687   982  1141 D FlashLoaderManager: flashing [760,768) of 68000
12-10 17:46:34.689   982  1141 D FlashLoaderManager: flashing [768,776) of 68000
12-10 17:46:34.690   982  1141 D FlashLoaderManager: flashing [776,784) of 68000
12-10 17:46:34.691   982  1141 D FlashLoaderManager: flashing [784,792) of 68000
12-10 17:46:34.693   982  1141 D FlashLoaderManager: flashing [792,800) of 68000
12-10 17:46:34.694   982  1141 D FlashLoaderManager: flashing [800,808) of 68000
12-10 17:46:34.696   982  1141 D FlashLoaderManager: flashing [808,816) of 68000
12-10 17:46:34.697   982  1141 D FlashLoaderManager: flashing [816,824) of 68000
12-10 17:46:34.700   982  1141 D FlashLoaderManager: flashing [824,832) of 68000
12-10 17:46:34.701   982  1141 D FlashLoaderManager: flashing [832,840) of 68000
12-10 17:46:34.703   982  1141 D FlashLoaderManager: flashing [840,848) of 68000
12-10 17:46:34.704   982  1141 D FlashLoaderManager: flashing [848,856) of 68000
12-10 17:46:34.705   982  1141 D FlashLoaderManager: flashing [856,864) of 68000
12-10 17:46:34.707   982  1141 D FlashLoaderManager: flashing [864,872) of 68000
12-10 17:46:34.708   982  1141 D FlashLoaderManager: flashing [872,880) of 68000
12-10 17:46:34.710   982  1141 D FlashLoaderManager: flashing [880,888) of 68000
12-10 17:46:34.711   982  1141 D FlashLoaderManager: flashing [888,896) of 68000
12-10 17:46:34.713   982  1141 D FlashLoaderManager: flashing [896,904) of 68000
12-10 17:46:34.714   982  1141 D FlashLoaderManager: flashing [904,912) of 68000
12-10 17:46:34.715   982  1141 D FlashLoaderManager: flashing [912,920) of 68000
12-10 17:46:34.717   982  1141 D FlashLoaderManager: flashing [920,928) of 68000
12-10 17:46:34.718   982  1141 D FlashLoaderManager: flashing [928,936) of 68000
12-10 17:46:34.719   982  1141 D FlashLoaderManager: flashing [936,944) of 68000
12-10 17:46:34.721   982  1141 D FlashLoaderManager: flashing [944,952) of 68000
12-10 17:46:34.722   982  1141 D FlashLoaderManager: flashing [952,960) of 68000
12-10 17:46:34.724   982  1141 D FlashLoaderManager: flashing [960,968) of 68000
12-10 17:46:34.725   982  1141 D FlashLoaderManager: flashing [968,976) of 68000
12-10 17:46:34.726   982  1141 D FlashLoaderManager: flashing [976,984) of 68000
12-10 17:46:34.728   982  1141 D FlashLoaderManager: flashing [984,992) of 68000
12-10 17:46:34.729   982  1141 D FlashLoaderManager: flashing [992,1000) of 68000
12-10 17:46:34.730   982  1141 D FlashLoaderManager: flashing [1000,1008) of 68000
12-10 17:46:34.732   982  1141 D FlashLoaderManager: flashing [1008,1016) of 68000
12-10 17:46:34.733   982  1141 D FlashLoaderManager: flashing [1016,1024) of 68000
12-10 17:46:34.735   982  1141 D FlashLoaderManager: flashing [1024,1032) of 68000
12-10 17:46:34.736   982  1141 D FlashLoaderManager: flashing [1032,1040) of 68000
12-10 17:46:34.738   982  1141 D FlashLoaderManager: flashing [1040,1048) of 68000
12-10 17:46:34.739   982  1141 D FlashLoaderManager: flashing [1048,1056) of 68000
12-10 17:46:34.740   982  1141 D FlashLoaderManager: flashing [1056,1064) of 68000
12-10 17:46:34.742   982  1141 D FlashLoaderManager: flashing [1064,1072) of 68000
12-10 17:46:34.743   982  1141 D FlashLoaderManager: flashing [1072,1080) of 68000
12-10 17:46:34.745   982  1141 D FlashLoaderManager: flashing [1080,1088) of 68000
12-10 17:46:34.746   982  1141 D FlashLoaderManager: flashing [1088,1096) of 68000
12-10 17:46:34.747   982  1141 D FlashLoaderManager: flashing [1096,1104) of 68000
12-10 17:46:34.749   982  1141 D FlashLoaderManager: flashing [1104,1112) of 68000
12-10 17:46:34.750   982  1141 D FlashLoaderManager: flashing [1112,1120) of 68000
12-10 17:46:34.751   982  1141 D FlashLoaderManager: flashing [1120,1128) of 68000
12-10 17:46:34.753   982  1141 D FlashLoaderManager: flashing [1128,1136) of 68000
12-10 17:46:34.754   982  1141 D FlashLoaderManager: flashing [1136,1144) of 68000
12-10 17:46:34.756   982  1141 D FlashLoaderManager: flashing [1144,1152) of 68000
12-10 17:46:34.757   982  1141 D FlashLoaderManager: flashing [1152,1160) of 68000
12-10 17:46:34.759   982  1141 D FlashLoaderManager: flashing [1160,1168) of 68000
12-10 17:46:34.760   982  1141 D FlashLoaderManager: flashing [1168,1176) of 68000
12-10 17:46:34.762   982  1141 D FlashLoaderManager: flashing [1176,1184) of 68000
12-10 17:46:34.763   982  1141 D FlashLoaderManager: flashing [1184,1192) of 68000
12-10 17:46:34.764   982  1141 D FlashLoaderManager: flashing [1192,1200) of 68000
12-10 17:46:34.766   982  1141 D FlashLoaderManager: flashing [1200,1208) of 68000
12-10 17:46:34.767   982  1141 D FlashLoaderManager: flashing [1208,1216) of 68000
12-10 17:46:34.768   982  1141 D FlashLoaderManager: flashing [1216,1224) of 68000
12-10 17:46:34.770   982  1141 D FlashLoaderManager: flashing [1224,1232) of 68000
12-10 17:46:34.771   982  1141 D FlashLoaderManager: flashing [1232,1240) of 68000
12-10 17:46:34.773   982  1141 D FlashLoaderManager: flashing [1240,1248) of 68000
12-10 17:46:34.774   982  1141 D FlashLoaderManager: flashing [1248,1256) of 68000
12-10 17:46:34.775   982  1141 D FlashLoaderManager: flashing [1256,1264) of 68000
12-10 17:46:34.777   982  1141 D FlashLoaderManager: flashing [1264,1272) of 68000
12-10 17:46:34.778   982  1141 D FlashLoaderManager: flashing [1272,1280) of 68000
12-10 17:46:34.780   982  1141 D FlashLoaderManager: flashing [1280,1288) of 68000
12-10 17:46:34.781   982  1141 D FlashLoaderManager: flashing [1288,1296) of 68000
12-10 17:46:34.782   982  1141 D FlashLoaderManager: flashing [1296,1304) of 68000
12-10 17:46:34.784   982  1141 D FlashLoaderManager: flashing [1304,1312) of 68000
12-10 17:46:34.785   982  1141 D FlashLoaderManager: flashing [1312,1320) of 68000
12-10 17:46:34.787   982  1141 D FlashLoaderManager: flashing [1320,1328) of 68000
12-10 17:46:34.788   982  1141 D FlashLoaderManager: flashing [1328,1336) of 68000
12-10 17:46:34.789   982  1141 D FlashLoaderManager: flashing [1336,1344) of 68000
12-10 17:46:34.791   982  1141 D FlashLoaderManager: flashing [1344,1352) of 68000
12-10 17:46:34.792   982  1141 D FlashLoaderManager: flashing [1352,1360) of 68000
12-10 17:46:34.793   982  1141 D FlashLoaderManager: flashing [1360,1368) of 68000
12-10 17:46:34.795   982  1141 D FlashLoaderManager: flashing [1368,1376) of 68000
12-10 17:46:34.796   982  1141 D FlashLoaderManager: flashing [1376,1384) of 68000
12-10 17:46:34.798   982  1141 D FlashLoaderManager: flashing [1384,1392) of 68000
12-10 17:46:34.799   982  1141 D FlashLoaderManager: flashing [1392,1400) of 68000
12-10 17:46:34.801   982  1141 D FlashLoaderManager: flashing [1400,1408) of 68000
12-10 17:46:34.802   982  1141 D FlashLoaderManager: flashing [1408,1416) of 68000
12-10 17:46:34.804   982  1141 D FlashLoaderManager: flashing [1416,1424) of 68000
12-10 17:46:34.805   982  1141 D FlashLoaderManager: flashing [1424,1432) of 68000
12-10 17:46:34.806   982  1141 D FlashLoaderManager: flashing [1432,1440) of 68000
12-10 17:46:34.808   982  1141 D FlashLoaderManager: flashing [1440,1448) of 68000
12-10 17:46:34.809   982  1141 D FlashLoaderManager: flashing [1448,1456) of 68000
12-10 17:46:34.810   982  1141 D FlashLoaderManager: flashing [1456,1464) of 68000
12-10 17:46:34.812   982  1141 D FlashLoaderManager: flashing [1464,1472) of 68000
12-10 17:46:34.813   982  1141 D FlashLoaderManager: flashing [1472,1480) of 68000
12-10 17:46:34.814   982  1141 D FlashLoaderManager: flashing [1480,1488) of 68000
12-10 17:46:34.816   982  1141 D FlashLoaderManager: flashing [1488,1496) of 68000
12-10 17:46:34.817   982  1141 D FlashLoaderManager: flashing [1496,1504) of 68000
12-10 17:46:34.818   982  1141 D FlashLoaderManager: flashing [1504,1512) of 68000
12-10 17:46:34.820   982  1141 D FlashLoaderManager: flashing [1512,1520) of 68000
12-10 17:46:34.822   982  1141 D FlashLoaderManager: flashing [1520,1528) of 68000
12-10 17:46:34.823   982  1141 D FlashLoaderManager: flashing [1528,1536) of 68000
12-10 17:46:34.824   982  1141 D FlashLoaderManager: flashing [1536,1544) of 68000
12-10 17:46:34.826   982  1141 D FlashLoaderManager: flashing [1544,1552) of 68000
12-10 17:46:34.827   982  1141 D FlashLoaderManager: flashing [1552,1560) of 68000
12-10 17:46:34.828   982  1141 D FlashLoaderManager: flashing [1560,1568) of 68000
12-10 17:46:34.830   982  1141 D FlashLoaderManager: flashing [1568,1576) of 68000
12-10 17:46:34.831   982  1141 D FlashLoaderManager: flashing [1576,1584) of 68000
12-10 17:46:34.832   982  1141 D FlashLoaderManager: flashing [1584,1592) of 68000
12-10 17:46:34.834   982  1141 D FlashLoaderManager: flashing [1592,1600) of 68000
12-10 17:46:34.835   982  1141 D FlashLoaderManager: flashing [1600,1608) of 68000
12-10 17:46:34.836   982  1141 D FlashLoaderManager: flashing [1608,1616) of 68000
12-10 17:46:34.838   982  1141 D FlashLoaderManager: flashing [1616,1624) of 68000
12-10 17:46:34.839   982  1141 D FlashLoaderManager: flashing [1624,1632) of 68000
12-10 17:46:34.841   982  1141 D FlashLoaderManager: flashing [1632,1640) of 68000
12-10 17:46:34.842   982  1141 D FlashLoaderManager: flashing [1640,1648) of 68000
12-10 17:46:34.844   982  1141 D FlashLoaderManager: flashing [1648,1656) of 68000
12-10 17:46:34.846   982  1141 D FlashLoaderManager: flashing [1656,1664) of 68000
12-10 17:46:34.847   982  1141 D FlashLoaderManager: flashing [1664,1672) of 68000
12-10 17:46:34.849   982  1141 D FlashLoaderManager: flashing [1672,1680) of 68000
12-10 17:46:34.850   982  1141 D FlashLoaderManager: flashing [1680,1688) of 68000
12-10 17:46:34.851   982  1141 D FlashLoaderManager: flashing [1688,1696) of 68000
12-10 17:46:34.853   982  1141 D FlashLoaderManager: flashing [1696,1704) of 68000
12-10 17:46:34.854   982  1141 D FlashLoaderManager: flashing [1704,1712) of 68000
12-10 17:46:34.855   982  1141 D FlashLoaderManager: flashing [1712,1720) of 68000
12-10 17:46:34.857   982  1141 D FlashLoaderManager: flashing [1720,1728) of 68000
12-10 17:46:34.858   982  1141 D FlashLoaderManager: flashing [1728,1736) of 68000
12-10 17:46:34.860   982  1141 D FlashLoaderManager: flashing [1736,1744) of 68000
12-10 17:46:34.861   982  1141 D FlashLoaderManager: flashing [1744,1752) of 68000
12-10 17:46:34.863   982  1141 D FlashLoaderManager: flashing [1752,1760) of 68000
12-10 17:46:34.864   982  1141 D FlashLoaderManager: flashing [1760,1768) of 68000
12-10 17:46:34.865   982  1141 D FlashLoaderManager: flashing [1768,1776) of 68000
12-10 17:46:34.866   982  1141 D FlashLoaderManager: flashing [1776,1784) of 68000
12-10 17:46:34.868   982  1141 D FlashLoaderManager: flashing [1784,1792) of 68000
12-10 17:46:34.869   982  1141 D FlashLoaderManager: flashing [1792,1800) of 68000
12-10 17:46:34.870   982  1141 D FlashLoaderManager: flashing [1800,1808) of 68000
12-10 17:46:34.872   982  1141 D FlashLoaderManager: flashing [1808,1816) of 68000
12-10 17:46:34.873   982  1141 D FlashLoaderManager: flashing [1816,1824) of 68000
12-10 17:46:34.874   982  1141 D FlashLoaderManager: flashing [1824,1832) of 68000
12-10 17:46:34.876   982  1141 D FlashLoaderManager: flashing [1832,1840) of 68000
12-10 17:46:34.877   982  1141 D FlashLoaderManager: flashing [1840,1848) of 68000
12-10 17:46:34.878   982  1141 D FlashLoaderManager: flashing [1848,1856) of 68000
12-10 17:46:34.880   982  1141 D FlashLoaderManager: flashing [1856,1864) of 68000
12-10 17:46:34.881   982  1141 D FlashLoaderManager: flashing [1864,1872) of 68000
12-10 17:46:34.882   982  1141 D FlashLoaderManager: flashing [1872,1880) of 68000
12-10 17:46:34.884   982  1141 D FlashLoaderManager: flashing [1880,1888) of 68000
12-10 17:46:34.885   982  1141 D FlashLoaderManager: flashing [1888,1896) of 68000
12-10 17:46:34.887   982  1141 D FlashLoaderManager: flashing [1896,1904) of 68000
12-10 17:46:34.888   982  1141 D FlashLoaderManager: flashing [1904,1912) of 68000
12-10 17:46:34.889   982  1141 D FlashLoaderManager: flashing [1912,1920) of 68000
12-10 17:46:34.891   982  1141 D FlashLoaderManager: flashing [1920,1928) of 68000
12-10 17:46:34.892   982  1141 D FlashLoaderManager: flashing [1928,1936) of 68000
12-10 17:46:34.893   982  1141 D FlashLoaderManager: flashing [1936,1944) of 68000
12-10 17:46:34.895   982  1141 D FlashLoaderManager: flashing [1944,1952) of 68000
12-10 17:46:34.896   982  1141 D FlashLoaderManager: flashing [1952,1960) of 68000
12-10 17:46:34.898   982  1141 D FlashLoaderManager: flashing [1960,1968) of 68000
12-10 17:46:34.899   982  1141 D FlashLoaderManager: flashing [1968,1976) of 68000
12-10 17:46:34.901   982  1141 D FlashLoaderManager: flashing [1976,1984) of 68000
12-10 17:46:34.902   982  1141 D FlashLoaderManager: flashing [1984,1992) of 68000
12-10 17:46:34.904   982  1141 D FlashLoaderManager: flashing [1992,2000) of 68000
12-10 17:46:34.905   982  1141 D FlashLoaderManager: flashing [2000,2008) of 68000
12-10 17:46:34.906   982  1141 D FlashLoaderManager: flashing [2008,2016) of 68000
12-10 17:46:34.908   982  1141 D FlashLoaderManager: flashing [2016,2024) of 68000
12-10 17:46:34.909   982  1141 D FlashLoaderManager: flashing [2024,2032) of 68000
12-10 17:46:34.910   982  1141 D FlashLoaderManager: flashing [2032,2040) of 68000
12-10 17:46:34.911   982  1141 D FlashLoaderManager: flashing [2040,2048) of 68000
12-10 17:46:34.913   982  1141 D FlashLoaderManager: flashing [2048,2056) of 68000
12-10 17:46:34.914   982  1141 D FlashLoaderManager: flashing [2056,2064) of 68000
12-10 17:46:34.915   982  1141 D FlashLoaderManager: flashing [2064,2072) of 68000
12-10 17:46:34.916   982  1141 D FlashLoaderManager: flashing [2072,2080) of 68000
12-10 17:46:34.918   982  1141 D FlashLoaderManager: flashing [2080,2088) of 68000
12-10 17:46:34.919   982  1141 D FlashLoaderManager: flashing [2088,2096) of 68000
12-10 17:46:34.921   982  1141 D FlashLoaderManager: flashing [2096,2104) of 68000
12-10 17:46:34.922   982  1141 D FlashLoaderManager: flashing [2104,2112) of 68000
12-10 17:46:34.923   982  1141 D FlashLoaderManager: flashing [2112,2120) of 68000
12-10 17:46:34.925   982  1141 D FlashLoaderManager: flashing [2120,2128) of 68000
12-10 17:46:34.926   982  1141 D FlashLoaderManager: flashing [2128,2136) of 68000
12-10 17:46:34.927   982  1141 D FlashLoaderManager: flashing [2136,2144) of 68000
12-10 17:46:34.928   982  1141 D FlashLoaderManager: flashing [2144,2152) of 68000
12-10 17:46:34.930   982  1141 D FlashLoaderManager: flashing [2152,2160) of 68000
12-10 17:46:34.931   982  1141 D FlashLoaderManager: flashing [2160,2168) of 68000
12-10 17:46:34.932   982  1141 D FlashLoaderManager: flashing [2168,2176) of 68000
12-10 17:46:34.934   982  1141 D FlashLoaderManager: flashing [2176,2184) of 68000
